[("x",Leaf (Constant 6))]
[("x",Leaf (Constant 6)),("y",Leaf (Constant 37))]
[("x",Leaf (Constant 6)),("y",Leaf (Constant 37)),("z",BinaryOperation Plus (Leaf(Constant 37)) (Leaf (Variable "var")))]
[("a",BinaryOperation Plus (Leaf (Variable "x")) (Leaf (Constant 15))),("b",BinaryOperation Times (Leaf (Constant 12)) (Leaf (Variable "a")))]
[("a",BinaryOperation Plus (Leaf (Constant 3)) (Leaf (Variable "x")))]
[("a",BinaryOperation Plus (BinaryOperation Plus (Leaf (Constant 1)) (Leaf (Variable "x"))) (Leaf (Constant 2)))]
[("a",BinaryOperation Plus (BinaryOperation Plus (Leaf (Variable "x")) (Leaf (Constant 1))) (Leaf (Constant 2)))]
Leaf (Constant 5)
BinaryOperation Plus (Leaf (Constant 2)) (BinaryOperation Times (Leaf (Constant 2)) (Leaf (Variable "x")))
BinaryOperation Plus (BinaryOperation Plus (Leaf (Constant 1)) (Leaf (Variable "a"))) (BinaryOperation Times (Leaf (Variable "a")) (Leaf (Variable "a")))
BinaryOperation Plus (BinaryOperation Plus (Leaf (Constant 4)) (BinaryOperation Times (Leaf (Constant 8)) (Leaf (Variable "x")))) (BinaryOperation Times (BinaryOperation Times (Leaf (Constant 4)) (Leaf (Variable "x"))) (Leaf (Variable "x")))
([],BinaryOperation Plus (Leaf (Constant 1)) (Leaf (Constant 2)))
([("$0",BinaryOperation Plus (Leaf (Variable "x")) (Leaf (Constant 1)))],BinaryOperation Plus (Leaf (Variable "$0")) (Leaf (Variable "$0")))
([("$0",UnaryOperation Minus (Leaf (Variable "x"))),("$1",BinaryOperation Plus (Leaf (Variable "$0")) (Leaf (Constant 1)))],BinaryOperation Plus (Leaf (Variable "$1")) (Leaf (Variable "$1")))
([("$0",BinaryOperation Plus (Leaf (Variable "x")) (Leaf (Constant 1))),("$1",BinaryOperation Plus (Leaf (Variable "$0")) (Leaf (Constant 2)))],BinaryOperation Plus(Leaf (Variable "$1")) (Leaf (Variable "$1")))
([("$0",BinaryOperation Plus (Leaf (Variable "x")) (Leaf (Constant 1))),("$1",BinaryOperation Plus (Leaf (Variable "$0")) (Leaf (Constant 2)))],BinaryOperation Plus(BinaryOperation Plus (Leaf (Variable "$1")) (Leaf (Variable "$1"))) (Leaf (Variable "$0")))
